项目类型: java_maven
入口文件: Main.java
状态码: 200
检测到的语言: java
检测到的入口点: src\main\java\com\example\Main.java
编译输出: [INFO] Scanning for projects...
[INFO]
[INFO] -----------------------< com.example:calculator >-----------------------
[INFO] Building calculator 1.0.0
[INFO]   from pom.xml
[INFO] --------------------------------[ jar ]---------------------------------
Downloading from central: https://repo.maven.apache.org/maven2/org/apache/maven/plugins/maven-resources-plugin/3.3.1/maven-resources-plugin-3.3.1.pom
Downloaded from central: https://repo.maven.apache.org/maven2/org/apache/maven/plugins/maven-resources-plugin/3.3.1/maven-resources-plugin-3.3.1.pom (8.2 kB at 7.0 kB/s)
Downloading from central: https://repo.maven.apache.org/maven2/org/apache/maven/plugins/maven-plugins/39/maven-plugins-39.pom
Downloaded from central: https://repo.maven.apache.org/maven2/org/apache/maven/plugins/maven-plugins/39/maven-plugins-39.pom (8.1 kB at 20 kB/s)
Downloading from central: https://repo.maven.apache.org/maven2/org/apache/maven/maven-parent/39/maven-parent-39.pom
Downloaded from central: https://repo.maven.apache.org/maven2/org/apache/maven/maven-parent/39/maven-parent-39.pom (48 kB at 126 kB/s)
Downloading from central: https://repo.maven.apache.org/maven2/org/apache/apache/29/apache-29.pom
Downloaded from central: https://repo.maven.apache.org/maven2/org/apache/apache/29/apache-29.pom (21 kB at 55 kB/s)
Downloading from central: https://repo.maven.apache.org/maven2/org/apache/maven/plugins/maven-resources-plugin/3.3.1/maven-resources-plugin-3.3.1.jar
Downloaded from central: https://repo.maven.apache.org/maven2/org/apache/maven/plugins/maven-resources-plugin/3.3.1/maven-resources-plugin-3.3.1.jar (31 kB at 73 kB/s)
Downloading from central: https://repo.maven.apache.org/maven2/org/apache/maven/plugins/maven-compiler-plugin/3.11.0/maven-compiler-plugin-3.11.0.pom
Downloaded from central: https://repo.maven.apache.org/maven2/org/apache/maven/plugins/maven-compiler-plugin/3.11.0/maven-compiler-plugin-3.11.0.pom (9.8 kB at 26 kB/s)
Downloading from central: https://repo.maven.apache.org/maven2/org/apache/maven/plugins/maven-compiler-plugin/3.11.0/maven-compiler-plugin-3.11.0.jar
Downloaded from central: https://repo.maven.apache.org/maven2/org/apache/maven/plugins/maven-compiler-plugin/3.11.0/maven-compiler-plugin-3.11.0.jar (66 kB at 124 kB/s)
Downloading from central: https://repo.maven.apache.org/maven2/com/fasterxml/jackson/core/jackson-databind/2.15.2/jackson-databind-2.15.2.pom
Downloaded from central: https://repo.maven.apache.org/maven2/com/fasterxml/jackson/core/jackson-databind/2.15.2/jackson-databind-2.15.2.pom (19 kB at 47 kB/s)
Downloading from central: https://repo.maven.apache.org/maven2/com/fasterxml/jackson/jackson-base/2.15.2/jackson-base-2.15.2.pom
Downloaded from central: https://repo.maven.apache.org/maven2/com/fasterxml/jackson/jackson-base/2.15.2/jackson-base-2.15.2.pom (11 kB at 28 kB/s)
Downloading from central: https://repo.maven.apache.org/maven2/com/fasterxml/jackson/jackson-bom/2.15.2/jackson-bom-2.15.2.pom
Downloaded from central: https://repo.maven.apache.org/maven2/com/fasterxml/jackson/jackson-bom/2.15.2/jackson-bom-2.15.2.pom (18 kB at 50 kB/s)
Downloading from central: https://repo.maven.apache.org/maven2/com/fasterxml/jackson/jackson-parent/2.15/jackson-parent-2.15.pom
Downloaded from central: https://repo.maven.apache.org/maven2/com/fasterxml/jackson/jackson-parent/2.15/jackson-parent-2.15.pom (6.5 kB at 19 kB/s)
Downloading from central: https://repo.maven.apache.org/maven2/com/fasterxml/oss-parent/50/oss-parent-50.pom
Downloaded from central: https://repo.maven.apache.org/maven2/com/fasterxml/oss-parent/50/oss-parent-50.pom (24 kB at 68 kB/s)
Downloading from central: https://repo.maven.apache.org/maven2/org/junit/junit-bom/5.9.2/junit-bom-5.9.2.pom
Downloaded from central: https://repo.maven.apache.org/maven2/org/junit/junit-bom/5.9.2/junit-bom-5.9.2.pom (5.6 kB at 15 kB/s)
Downloading from central: https://repo.maven.apache.org/maven2/com/fasterxml/jackson/core/jackson-annotations/2.15.2/jackson-annotations-2.15.2.pom
Downloaded from central: https://repo.maven.apache.org/maven2/com/fasterxml/jackson/core/jackson-annotations/2.15.2/jackson-annotations-2.15.2.pom (7.1 kB at 15 kB/s)
Downloading from central: https://repo.maven.apache.org/maven2/com/fasterxml/jackson/core/jackson-core/2.15.2/jackson-core-2.15.2.pom
Downloaded from central: https://repo.maven.apache.org/maven2/com/fasterxml/jackson/core/jackson-core/2.15.2/jackson-core-2.15.2.pom (9.8 kB at 25 kB/s)
Downloading from central: https://repo.maven.apache.org/maven2/org/slf4j/slf4j-simple/2.0.7/slf4j-simple-2.0.7.pom
Downloaded from central: https://repo.maven.apache.org/maven2/org/slf4j/slf4j-simple/2.0.7/slf4j-simple-2.0.7.pom (1.1 kB at 2.8 kB/s)
Downloading from central: https://repo.maven.apache.org/maven2/org/slf4j/slf4j-parent/2.0.7/slf4j-parent-2.0.7.pom
Downloaded from central: https://repo.maven.apache.org/maven2/org/slf4j/slf4j-parent/2.0.7/slf4j-parent-2.0.7.pom (17 kB at 47 kB/s)
Downloading from central: https://repo.maven.apache.org/maven2/org/slf4j/slf4j-api/2.0.7/slf4j-api-2.0.7.pom
Downloaded from central: https://repo.maven.apache.org/maven2/org/slf4j/slf4j-api/2.0.7/slf4j-api-2.0.7.pom (2.7 kB at 7.4 kB/s)
Downloading from central: https://repo.maven.apache.org/maven2/com/fasterxml/jackson/core/jackson-databind/2.15.2/jackson-databind-2.15.2.jar
Downloading from central: https://repo.maven.apache.org/maven2/com/fasterxml/jackson/core/jackson-annotations/2.15.2/jackson-annotations-2.15.2.jar
Downloading from central: https://repo.maven.apache.org/maven2/com/fasterxml/jackson/core/jackson-core/2.15.2/jackson-core-2.15.2.jar
Downloading from central: https://repo.maven.apache.org/maven2/org/slf4j/slf4j-simple/2.0.7/slf4j-simple-2.0.7.jar
Downloading from central: https://repo.maven.apache.org/maven2/org/slf4j/slf4j-api/2.0.7/slf4j-api-2.0.7.jar
Downloaded from central: https://repo.maven.apache.org/maven2/org/slf4j/slf4j-simple/2.0.7/slf4j-simple-2.0.7.jar (16 kB at 42 kB/s)
Downloaded from central: https://repo.maven.apache.org/maven2/com/fasterxml/jackson/core/jackson-annotations/2.15.2/jackson-annotations-2.15.2.jar (76 kB at 79 kB/s)
Downloaded from central: https://repo.maven.apache.org/maven2/org/slf4j/slf4j-api/2.0.7/slf4j-api-2.0.7.jar (64 kB at 64 kB/s)
Downloaded from central: https://repo.maven.apache.org/maven2/com/fasterxml/jackson/core/jackson-core/2.15.2/jackson-core-2.15.2.jar (549 kB at 389 kB/s)
Downloaded from central: https://repo.maven.apache.org/maven2/com/fasterxml/jackson/core/jackson-databind/2.15.2/jackson-databind-2.15.2.jar (1.6 MB at 871 kB/s)
[INFO]
[INFO] --- resources:3.3.1:resources (default-resources) @ calculator ---
Downloading from central: https://repo.maven.apache.org/maven2/org/codehaus/plexus/plexus-interpolation/1.26/plexus-interpolation-1.26.pom
Downloaded from central: https://repo.maven.apache.org/maven2/org/codehaus/plexus/plexus-interpolation/1.26/plexus-interpolation-1.26.pom (2.7 kB at 6.6 kB/s)
Downloading from central: https://repo.maven.apache.org/maven2/org/codehaus/plexus/plexus/5.1/plexus-5.1.pom
Downloaded from central: https://repo.maven.apache.org/maven2/org/codehaus/plexus/plexus/5.1/plexus-5.1.pom (23 kB at 56 kB/s)
Downloading from central: https://repo.maven.apache.org/maven2/org/codehaus/plexus/plexus-utils/3.5.1/plexus-utils-3.5.1.pom
Downloaded from central: https://repo.maven.apache.org/maven2/org/codehaus/plexus/plexus-utils/3.5.1/plexus-utils-3.5.1.pom (8.8 kB at 22 kB/s)
Downloading from central: https://repo.maven.apache.org/maven2/org/codehaus/plexus/plexus/10/plexus-10.pom
Downloaded from central: https://repo.maven.apache.org/maven2/org/codehaus/plexus/plexus/10/plexus-10.pom (25 kB at 74 kB/s)
Downloading from central: https://repo.maven.apache.org/maven2/org/apache/maven/shared/maven-filtering/3.3.1/maven-filtering-3.3.1.pom
Downloaded from central: https://repo.maven.apache.org/maven2/org/apache/maven/shared/maven-filtering/3.3.1/maven-filtering-3.3.1.pom (6.0 kB at 14 kB/s)
Downloading from central: https://repo.maven.apache.org/maven2/org/apache/maven/shared/maven-shared-components/39/maven-shared-components-39.pom
Downloaded from central: https://repo.maven.apache.org/maven2/org/apache/maven/shared/maven-shared-components/39/maven-shared-components-39.pom (3.2 kB at 8.4 kB/s)
Downloading from central: https://repo.maven.apache.org/maven2/javax/inject/javax.inject/1/javax.inject-1.pom
Downloaded from central: https://repo.maven.apache.org/maven2/javax/inject/javax.inject/1/javax.inject-1.pom (612 B at 1.7 kB/s)
Downloading from central: https://repo.maven.apache.org/maven2/org/slf4j/slf4j-api/1.7.36/slf4j-api-1.7.36.pom
Downloaded from central: https://repo.maven.apache.org/maven2/org/slf4j/slf4j-api/1.7.36/slf4j-api-1.7.36.pom (2.7 kB at 8.7 kB/s)
Downloading from central: https://repo.maven.apache.org/maven2/org/slf4j/slf4j-parent/1.7.36/slf4j-parent-1.7.36.pom
Downloaded from central: https://repo.maven.apache.org/maven2/org/slf4j/slf4j-parent/1.7.36/slf4j-parent-1.7.36.pom (14 kB at 38 kB/s)
Downloading from central: https://repo.maven.apache.org/maven2/org/sonatype/plexus/plexus-build-api/0.0.7/plexus-build-api-0.0.7.pom
Downloaded from central: https://repo.maven.apache.org/maven2/org/sonatype/plexus/plexus-build-api/0.0.7/plexus-build-api-0.0.7.pom (3.2 kB at 8.0 kB/s)
Downloading from central: https://repo.maven.apache.org/maven2/org/sonatype/spice/spice-parent/15/spice-parent-15.pom
Downloaded from central: https://repo.maven.apache.org/maven2/org/sonatype/spice/spice-parent/15/spice-parent-15.pom (8.4 kB at 20 kB/s)
Downloading from central: https://repo.maven.apache.org/maven2/org/sonatype/forge/forge-parent/5/forge-parent-5.pom
Downloaded from central: https://repo.maven.apache.org/maven2/org/sonatype/forge/forge-parent/5/forge-parent-5.pom (8.4 kB at 21 kB/s)
Downloading from central: https://repo.maven.apache.org/maven2/org/codehaus/plexus/plexus-utils/3.5.0/plexus-utils-3.5.0.pom
Downloaded from central: https://repo.maven.apache.org/maven2/org/codehaus/plexus/plexus-utils/3.5.0/plexus-utils-3.5.0.pom (8.0 kB at 20 kB/s)
Downloading from central: https://repo.maven.apache.org/maven2/commons-io/commons-io/2.11.0/commons-io-2.11.0.pom
Downloaded from central: https://repo.maven.apache.org/maven2/commons-io/commons-io/2.11.0/commons-io-2.11.0.pom (20 kB at 57 kB/s)
Downloading from central: https://repo.maven.apache.org/maven2/org/apache/commons/commons-parent/52/commons-parent-52.pom
Downloaded from central: https://repo.maven.apache.org/maven2/org/apache/commons/commons-parent/52/commons-parent-52.pom (79 kB at 212 kB/s)
Downloading from central: https://repo.maven.apache.org/maven2/org/apache/apache/23/apache-23.pom
Downloaded from central: https://repo.maven.apache.org/maven2/org/apache/apache/23/apache-23.pom (18 kB at 56 kB/s)
Downloading from central: https://repo.maven.apache.org/maven2/org/junit/junit-bom/5.7.2/junit-bom-5.7.2.pom
Downloaded from central: https://repo.maven.apache.org/maven2/org/junit/junit-bom/5.7.2/junit-bom-5.7.2.pom (5.1 kB at 15 kB/s)
Downloading from central: https://repo.maven.apache.org/maven2/org/apache/commons/commons-lang3/3.12.0/commons-lang3-3.12.0.pom
Downloaded from central: https://repo.maven.apache.org/maven2/org/apache/commons/commons-lang3/3.12.0/commons-lang3-3.12.0.pom (31 kB at 84 kB/s)
Downloading from central: https://repo.maven.apache.org/maven2/org/junit/junit-bom/5.7.1/junit-bom-5.7.1.pom
Downloaded from central: https://repo.maven.apache.org/maven2/org/junit/junit-bom/5.7.1/junit-bom-5.7.1.pom (5.1 kB at 13 kB/s)
Downloading from central: https://repo.maven.apache.org/maven2/org/codehaus/plexus/plexus-interpolation/1.26/plexus-interpolation-1.26.jar
Downloading from central: https://repo.maven.apache.org/maven2/org/codehaus/plexus/plexus-utils/3.5.1/plexus-utils-3.5.1.jar
Downloading from central: https://repo.maven.apache.org/maven2/org/apache/maven/shared/maven-filtering/3.3.1/maven-filtering-3.3.1.jar
Downloading from central: https://repo.maven.apache.org/maven2/javax/inject/javax.inject/1/javax.inject-1.jar
Downloading from central: https://repo.maven.apache.org/maven2/org/slf4j/slf4j-api/1.7.36/slf4j-api-1.7.36.jar
Downloaded from central: https://repo.maven.apache.org/maven2/org/slf4j/slf4j-api/1.7.36/slf4j-api-1.7.36.jar (41 kB at 108 kB/s)
Downloaded from central: https://repo.maven.apache.org/maven2/org/codehaus/plexus/plexus-utils/3.5.1/plexus-utils-3.5.1.jar (269 kB at 705 kB/s)
Downloading from central: https://repo.maven.apache.org/maven2/org/sonatype/plexus/plexus-build-api/0.0.7/plexus-build-api-0.0.7.jar
Downloading from central: https://repo.maven.apache.org/maven2/commons-io/commons-io/2.11.0/commons-io-2.11.0.jar
Downloaded from central: https://repo.maven.apache.org/maven2/javax/inject/javax.inject/1/javax.inject-1.jar (2.5 kB at 6.5 kB/s)
Downloading from central: https://repo.maven.apache.org/maven2/org/apache/commons/commons-lang3/3.12.0/commons-lang3-3.12.0.jar
Downloaded from central: https://repo.maven.apache.org/maven2/org/apache/maven/shared/maven-filtering/3.3.1/maven-filtering-3.3.1.jar (55 kB at 132 kB/s)
Downloaded from central: https://repo.maven.apache.org/maven2/org/codehaus/plexus/plexus-interpolation/1.26/plexus-interpolation-1.26.jar (85 kB at 138 kB/s)
Downloaded from central: https://repo.maven.apache.org/maven2/org/sonatype/plexus/plexus-build-api/0.0.7/plexus-build-api-0.0.7.jar (8.5 kB at 12 kB/s)
Downloaded from central: https://repo.maven.apache.org/maven2/org/apache/commons/commons-lang3/3.12.0/commons-lang3-3.12.0.jar (587 kB at 611 kB/s)
Downloaded from central: https://repo.maven.apache.org/maven2/commons-io/commons-io/2.11.0/commons-io-2.11.0.jar (327 kB at 297 kB/s)
[INFO] skip non existing resourceDirectory /home/sandbox/src/main/resources
[INFO]
[INFO] --- compiler:3.11.0:compile (default-compile) @ calculator ---
Downloading from central: https://repo.maven.apache.org/maven2/org/apache/maven/shared/maven-shared-utils/3.3.4/maven-shared-utils-3.3.4.pom
Downloaded from central: https://repo.maven.apache.org/maven2/org/apache/maven/shared/maven-shared-utils/3.3.4/maven-shared-utils-3.3.4.pom (5.8 kB at 17 kB/s)
Downloading from central: https://repo.maven.apache.org/maven2/org/apache/maven/shared/maven-shared-components/34/maven-shared-components-34.pom
Downloaded from central: https://repo.maven.apache.org/maven2/org/apache/maven/shared/maven-shared-components/34/maven-shared-components-34.pom (5.1 kB at 16 kB/s)
Downloading from central: https://repo.maven.apache.org/maven2/org/apache/maven/maven-parent/34/maven-parent-34.pom
Downloaded from central: https://repo.maven.apache.org/maven2/org/apache/maven/maven-parent/34/maven-parent-34.pom (43 kB at 146 kB/s)
Downloading from central: https://repo.maven.apache.org/maven2/commons-io/commons-io/2.6/commons-io-2.6.pom
Downloaded from central: https://repo.maven.apache.org/maven2/commons-io/commons-io/2.6/commons-io-2.6.pom (14 kB at 50 kB/s)
Downloading from central: https://repo.maven.apache.org/maven2/org/apache/commons/commons-parent/42/commons-parent-42.pom
Downloaded from central: https://repo.maven.apache.org/maven2/org/apache/commons/commons-parent/42/commons-parent-42.pom (68 kB at 224 kB/s)
Downloading from central: https://repo.maven.apache.org/maven2/org/apache/apache/18/apache-18.pom
Downloaded from central: https://repo.maven.apache.org/maven2/org/apache/apache/18/apache-18.pom (16 kB at 53 kB/s)
Downloading from central: https://repo.maven.apache.org/maven2/org/apache/maven/shared/maven-shared-incremental/1.1/maven-shared-incremental-1.1.pom
Downloaded from central: https://repo.maven.apache.org/maven2/org/apache/maven/shared/maven-shared-incremental/1.1/maven-shared-incremental-1.1.pom (4.7 kB at 15 kB/s)
Downloading from central: https://repo.maven.apache.org/maven2/org/apache/maven/shared/maven-shared-components/19/maven-shared-components-19.pom
Downloaded from central: https://repo.maven.apache.org/maven2/org/apache/maven/shared/maven-shared-components/19/maven-shared-components-19.pom (6.4 kB at 23 kB/s)
Downloading from central: https://repo.maven.apache.org/maven2/org/apache/maven/maven-parent/23/maven-parent-23.pom
Downloaded from central: https://repo.maven.apache.org/maven2/org/apache/maven/maven-parent/23/maven-parent-23.pom (33 kB at 100 kB/s)
Downloading from central: https://repo.maven.apache.org/maven2/org/apache/apache/13/apache-13.pom
Downloaded from central: https://repo.maven.apache.org/maven2/org/apache/apache/13/apache-13.pom (14 kB at 46 kB/s)
Downloading from central: https://repo.maven.apache.org/maven2/org/codehaus/plexus/plexus-component-annotations/1.5.5/plexus-component-annotations-1.5.5.pom
Downloaded from central: https://repo.maven.apache.org/maven2/org/codehaus/plexus/plexus-component-annotations/1.5.5/plexus-component-annotations-1.5.5.pom (815 B at 2.6 kB/s)
Downloading from central: https://repo.maven.apache.org/maven2/org/codehaus/plexus/plexus-containers/1.5.5/plexus-containers-1.5.5.pom
Downloaded from central: https://repo.maven.apache.org/maven2/org/codehaus/plexus/plexus-containers/1.5.5/plexus-containers-1.5.5.pom (4.2 kB at 14 kB/s)
Downloading from central: https://repo.maven.apache.org/maven2/org/codehaus/plexus/plexus/2.0.7/plexus-2.0.7.pom
Downloaded from central: https://repo.maven.apache.org/maven2/org/codehaus/plexus/plexus/2.0.7/plexus-2.0.7.pom (17 kB at 61 kB/s)
Downloading from central: https://repo.maven.apache.org/maven2/org/codehaus/plexus/plexus-java/1.1.2/plexus-java-1.1.2.pom
Downloaded from central: https://repo.maven.apache.org/maven2/org/codehaus/plexus/plexus-java/1.1.2/plexus-java-1.1.2.pom (5.0 kB at 14 kB/s)
Downloading from central: https://repo.maven.apache.org/maven2/org/codehaus/plexus/plexus-languages/1.1.2/plexus-languages-1.1.2.pom
Downloaded from central: https://repo.maven.apache.org/maven2/org/codehaus/plexus/plexus-languages/1.1.2/plexus-languages-1.1.2.pom (4.1 kB at 14 kB/s)
Downloading from central: https://repo.maven.apache.org/maven2/org/ow2/asm/asm/9.4/asm-9.4.pom
Downloaded from central: https://repo.maven.apache.org/maven2/org/ow2/asm/asm/9.4/asm-9.4.pom (2.4 kB at 7.3 kB/s)
Downloading from central: https://repo.maven.apache.org/maven2/org/ow2/ow2/1.5.1/ow2-1.5.1.pom
Downloaded from central: https://repo.maven.apache.org/maven2/org/ow2/ow2/1.5.1/ow2-1.5.1.pom (11 kB at 38 kB/s)
Downloading from central: https://repo.maven.apache.org/maven2/com/thoughtworks/qdox/qdox/2.0.3/qdox-2.0.3.pom
Downloaded from central: https://repo.maven.apache.org/maven2/com/thoughtworks/qdox/qdox/2.0.3/qdox-2.0.3.pom (17 kB at 55 kB/s)
Downloading from central: https://repo.maven.apache.org/maven2/org/sonatype/oss/oss-parent/9/oss-parent-9.pom
Downloaded from central: https://repo.maven.apache.org/maven2/org/sonatype/oss/oss-parent/9/oss-parent-9.pom (6.6 kB at 22 kB/s)
Downloading from central: https://repo.maven.apache.org/maven2/org/codehaus/plexus/plexus-compiler-api/2.13.0/plexus-compiler-api-2.13.0.pom
Downloaded from central: https://repo.maven.apache.org/maven2/org/codehaus/plexus/plexus-compiler-api/2.13.0/plexus-compiler-api-2.13.0.pom (1.1 kB at 3.5 kB/s)
Downloading from central: https://repo.maven.apache.org/maven2/org/codehaus/plexus/plexus-compiler/2.13.0/plexus-compiler-2.13.0.pom
Downloaded from central: https://repo.maven.apache.org/maven2/org/codehaus/plexus/plexus-compiler/2.13.0/plexus-compiler-2.13.0.pom (8.4 kB at 26 kB/s)
Downloading from central: https://repo.maven.apache.org/maven2/org/codehaus/plexus/plexus-components/10.0/plexus-components-10.0.pom
Downloaded from central: https://repo.maven.apache.org/maven2/org/codehaus/plexus/plexus-components/10.0/plexus-components-10.0.pom (2.7 kB at 8.5 kB/s)
Downloading from central: https://repo.maven.apache.org/maven2/org/junit/junit-bom/5.9.1/junit-bom-5.9.1.pom
Downloaded from central: https://repo.maven.apache.org/maven2/org/junit/junit-bom/5.9.1/junit-bom-5.9.1.pom (5.6 kB at 18 kB/s)
Downloading from central: https://repo.maven.apache.org/maven2/org/codehaus/plexus/plexus-compiler-manager/2.13.0/plexus-compiler-manager-2.13.0.pom
Downloaded from central: https://repo.maven.apache.org/maven2/org/codehaus/plexus/plexus-compiler-manager/2.13.0/plexus-compiler-manager-2.13.0.pom (1.1 kB at 3.7 kB/s)
Downloading from central: https://repo.maven.apache.org/maven2/org/codehaus/plexus/plexus-component-annotations/2.1.1/plexus-component-annotations-2.1.1.pom
Downloaded from central: https://repo.maven.apache.org/maven2/org/codehaus/plexus/plexus-component-annotations/2.1.1/plexus-component-annotations-2.1.1.pom (770 B at 2.3 kB/s)
Downloading from central: https://repo.maven.apache.org/maven2/org/codehaus/plexus/plexus-containers/2.1.1/plexus-containers-2.1.1.pom
Downloaded from central: https://repo.maven.apache.org/maven2/org/codehaus/plexus/plexus-containers/2.1.1/plexus-containers-2.1.1.pom (6.0 kB at 20 kB/s)
Downloading from central: https://repo.maven.apache.org/maven2/org/codehaus/plexus/plexus/6.5/plexus-6.5.pom
Downloaded from central: https://repo.maven.apache.org/maven2/org/codehaus/plexus/plexus/6.5/plexus-6.5.pom (26 kB at 79 kB/s)
Downloading from central: https://repo.maven.apache.org/maven2/org/codehaus/plexus/plexus-compiler-javac/2.13.0/plexus-compiler-javac-2.13.0.pom
Downloaded from central: https://repo.maven.apache.org/maven2/org/codehaus/plexus/plexus-compiler-javac/2.13.0/plexus-compiler-javac-2.13.0.pom (1.2 kB at 4.0 kB/s)
Downloading from central: https://repo.maven.apache.org/maven2/org/codehaus/plexus/plexus-compilers/2.13.0/plexus-compilers-2.13.0.pom
Downloaded from central: https://repo.maven.apache.org/maven2/org/codehaus/plexus/plexus-compilers/2.13.0/plexus-compilers-2.13.0.pom (1.3 kB at 4.8 kB/s)
Downloading from central: https://repo.maven.apache.org/maven2/org/apache/maven/shared/maven-shared-utils/3.3.4/maven-shared-utils-3.3.4.jar
Downloading from central: https://repo.maven.apache.org/maven2/commons-io/commons-io/2.6/commons-io-2.6.jar
Downloading from central: https://repo.maven.apache.org/maven2/org/apache/maven/shared/maven-shared-incremental/1.1/maven-shared-incremental-1.1.jar
Downloading from central: https://repo.maven.apache.org/maven2/org/codehaus/plexus/plexus-component-annotations/1.5.5/plexus-component-annotations-1.5.5.jar
Downloading from central: https://repo.maven.apache.org/maven2/org/codehaus/plexus/plexus-java/1.1.2/plexus-java-1.1.2.jar
Downloaded from central: https://repo.maven.apache.org/maven2/org/codehaus/plexus/plexus-component-annotations/1.5.5/plexus-component-annotations-1.5.5.jar (4.2 kB at 11 kB/s)
Downloading from central: https://repo.maven.apache.org/maven2/org/ow2/asm/asm/9.4/asm-9.4.jar
Downloaded from central: https://repo.maven.apache.org/maven2/org/codehaus/plexus/plexus-java/1.1.2/plexus-java-1.1.2.jar (55 kB at 140 kB/s)
Downloading from central: https://repo.maven.apache.org/maven2/com/thoughtworks/qdox/qdox/2.0.3/qdox-2.0.3.jar
Downloaded from central: https://repo.maven.apache.org/maven2/org/apache/maven/shared/maven-shared-incremental/1.1/maven-shared-incremental-1.1.jar (14 kB at 34 kB/s)
Downloading from central: https://repo.maven.apache.org/maven2/org/codehaus/plexus/plexus-compiler-api/2.13.0/plexus-compiler-api-2.13.0.jar
Downloaded from central: https://repo.maven.apache.org/maven2/org/apache/maven/shared/maven-shared-utils/3.3.4/maven-shared-utils-3.3.4.jar (153 kB at 378 kB/s)
Downloading from central: https://repo.maven.apache.org/maven2/org/codehaus/plexus/plexus-utils/3.5.0/plexus-utils-3.5.0.jar
Downloaded from central: https://repo.maven.apache.org/maven2/commons-io/commons-io/2.6/commons-io-2.6.jar (215 kB at 528 kB/s)
Downloading from central: https://repo.maven.apache.org/maven2/org/codehaus/plexus/plexus-compiler-manager/2.13.0/plexus-compiler-manager-2.13.0.jar
Downloaded from central: https://repo.maven.apache.org/maven2/org/codehaus/plexus/plexus-compiler-api/2.13.0/plexus-compiler-api-2.13.0.jar (27 kB at 38 kB/s)
Downloading from central: https://repo.maven.apache.org/maven2/org/codehaus/plexus/plexus-compiler-javac/2.13.0/plexus-compiler-javac-2.13.0.jar
Downloaded from central: https://repo.maven.apache.org/maven2/org/codehaus/plexus/plexus-compiler-manager/2.13.0/plexus-compiler-manager-2.13.0.jar (4.7 kB at 6.4 kB/s)
Downloaded from central: https://repo.maven.apache.org/maven2/org/ow2/asm/asm/9.4/asm-9.4.jar (122 kB at 160 kB/s)
Downloaded from central: https://repo.maven.apache.org/maven2/org/codehaus/plexus/plexus-compiler-javac/2.13.0/plexus-compiler-javac-2.13.0.jar (23 kB at 22 kB/s)
Downloaded from central: https://repo.maven.apache.org/maven2/org/codehaus/plexus/plexus-utils/3.5.0/plexus-utils-3.5.0.jar (267 kB at 253 kB/s)
Downloaded from central: https://repo.maven.apache.org/maven2/com/thoughtworks/qdox/qdox/2.0.3/qdox-2.0.3.jar (334 kB at 289 kB/s)
[INFO] Changes detected - recompiling the module! :source
[INFO] Compiling 1 source file with javac [debug target 11] to target/classes
[WARNING] system modules path not set in conjunction with -source 11
[INFO] ------------------------------------------------------------------------
[INFO] BUILD SUCCESS
[INFO] ------------------------------------------------------------------------
[INFO] Total time:  39.828 s
[INFO] Finished at: 2025-12-25T01:57:06Z
[INFO] ------------------------------------------------------------------------

运行输出:
[INFO] Scanning for projects...
Downloading from central: https://repo.maven.apache.org/maven2/org/apache/maven/plugins/maven-metadata.xml
Downloading from central: https://repo.maven.apache.org/maven2/org/codehaus/mojo/maven-metadata.xml
Progress (1): 3.9 kB
Progress (1): 7.8 kB
Progress (2): 7.8 kB | 4.6 kB
Progress (2): 14 kB | 4.6 kB
Progress (2): 14 kB | 12 kB
Progress (2): 14 kB | 14 kB
Progress (2): 20 kB | 14 kB
Progress (2): 20 kB | 14 kB

Downloaded from central: https://repo.maven.apache.org/maven2/org/codehaus/mojo/maven-metadata.xml (20 kB at 19 kB/s)
Downloaded from central: https://repo.maven.apache.org/maven2/org/apache/maven/plugins/maven-metadata.xml (14 kB at 13 kB/s)
Downloading from central: https://repo.maven.apache.org/maven2/org/codehaus/mojo/exec-maven-plugin/maven-metadata.xml
Progress (1): 1.1 kB

Downloaded from central: https://repo.maven.apache.org/maven2/org/codehaus/mojo/exec-maven-plugin/maven-metadata.xml (1.1 kB at 3.2 kB/s)
Downloading from central: https://repo.maven.apache.org/maven2/org/codehaus/mojo/exec-maven-plugin/3.6.3/exec-maven-plugin-3.6.3.pom
Progress (1): 1.0 kB
Progress (1): 3.7 kB
Progress (1): 4.8 kB
Progress (1): 8.8 kB
Progress (1): 12 kB
Progress (1): 14 kB
Progress (1): 16 kB

Downloaded from central: https://repo.maven.apache.org/maven2/org/codehaus/mojo/exec-maven-plugin/3.6.3/exec-maven-plugin-3.6.3.pom (16 kB at 48 kB/s)
Downloading from central: https://repo.maven.apache.org/maven2/org/codehaus/mojo/mojo-parent/94/mojo-parent-94.pom
Progress (1): 704 B
Progress (1): 2.3 kB
Progress (1): 5.0 kB
Progress (1): 7.2 kB
Progress (1): 9.7 kB
Progress (1): 11 kB
Progress (1): 14 kB
Progress (1): 19 kB
Progress (1): 22 kB
Progress (1): 26 kB
Progress (1): 29 kB
Progress (1): 31 kB
Progress (1): 34 kB
Progress (1): 38 kB

Downloaded from central: https://repo.maven.apache.org/maven2/org/codehaus/mojo/mojo-parent/94/mojo-parent-94.pom (38 kB at 86 kB/s)
Downloading from central: https://repo.maven.apache.org/maven2/org/junit/junit-bom/5.14.0/junit-bom-5.14.0.pom
Progress (1): 927 B
Progress (1): 2.4 kB
Progress (1): 3.2 kB
Progress (1): 5.7 kB

Downloaded from central: https://repo.maven.apache.org/maven2/org/junit/junit-bom/5.14.0/junit-bom-5.14.0.pom (5.7 kB at 16 kB/s)
Downloading from central: https://repo.maven.apache.org/maven2/org/codehaus/mojo/exec-maven-plugin/3.6.3/exec-maven-plugin-3.6.3.jar
Progress (1): 0.9/95 kB
Progress (1): 2.3/95 kB
Progress (1): 3.6/95 kB
Progress (1): 5.0/95 kB
Progress (1): 6.4/95 kB
Progress (1): 7.7/95 kB
Progress (1): 9.1/95 kB
Progress (1): 10/95 kB
Progress (1): 12/95 kB
Progress (1): 13/95 kB
Progress (1): 15/95 kB
Progress (1): 16/95 kB
Progress (1): 17/95 kB
Progress (1): 19/95 kB
Progress (1): 20/95 kB
Progress (1): 21/95 kB
Progress (1): 23/95 kB
Progress (1): 24/95 kB
Progress (1): 25/95 kB
Progress (1): 29/95 kB
Progress (1): 33/95 kB
Progress (1): 37/95 kB
Progress (1): 41/95 kB
Progress (1): 46/95 kB
Progress (1): 50/95 kB
Progress (1): 54/95 kB
Progress (1): 58/95 kB
Progress (1): 63/95 kB
Progress (1): 67/95 kB
Progress (1): 71/95 kB
Progress (1): 75/95 kB
Progress (1): 80/95 kB
Progress (1): 84/95 kB
Progress (1): 88/95 kB
Progress (1): 92/95 kB
Progress (1): 95 kB

Downloaded from central: https://repo.maven.apache.org/maven2/org/codehaus/mojo/exec-maven-plugin/3.6.3/exec-maven-plugin-3.6.3.jar (95 kB at 125 kB/s)
[INFO]
[INFO] -----------------------< com.example:calculator >-----------------------
[INFO] Building calculator 1.0.0
[INFO]   from pom.xml
[INFO] --------------------------------[ jar ]---------------------------------
[INFO]
[INFO] --- resources:3.3.1:resources (default-resources) @ calculator ---
[INFO] skip non existing resourceDirectory /home/sandbox/src/main/resources
[INFO]
[INFO] --- compiler:3.11.0:compile (default-compile) @ calculator ---
[INFO] Nothing to compile - all classes are up to date
[INFO]
[INFO] --- exec:3.6.3:java (default-cli) @ calculator ---
Downloading from central: https://repo.maven.apache.org/maven2/org/apache/maven/resolver/maven-resolver-util/1.9.24/maven-resolver-util-1.9.24.pom
Progress (1): 842 B
Progress (1): 2.2 kB

Downloaded from central: https://repo.maven.apache.org/maven2/org/apache/maven/resolver/maven-resolver-util/1.9.24/maven-resolver-util-1.9.24.pom (2.2 kB at 6.4 kB/s)
Downloading from central: https://repo.maven.apache.org/maven2/org/apache/maven/resolver/maven-resolver/1.9.24/maven-resolver-1.9.24.pom
Progress (1): 748 B
Progress (1): 2.3 kB
Progress (1): 4.0 kB
Progress (1): 9.1 kB
Progress (1): 12 kB
Progress (1): 17 kB
Progress (1): 19 kB
Progress (1): 22 kB
Progress (1): 23 kB
Progress (1): 25 kB

Downloaded from central: https://repo.maven.apache.org/maven2/org/apache/maven/resolver/maven-resolver/1.9.24/maven-resolver-1.9.24.pom (25 kB at 74 kB/s)
Downloading from central: https://repo.maven.apache.org/maven2/org/apache/maven/maven-parent/45/maven-parent-45.pom
Progress (1): 716 B
Progress (1): 1.9 kB
Progress (1): 5.6 kB
Progress (1): 9.8 kB
Progress (1): 14 kB
Progress (1): 19 kB
Progress (1): 23 kB
Progress (1): 27 kB
Progress (1): 27 kB
Progress (1): 29 kB
Progress (1): 33 kB
Progress (1): 37 kB
Progress (1): 39 kB
Progress (1): 42 kB
Progress (1): 45 kB
Progress (1): 50 kB
Progress (1): 53 kB

Downloaded from central: https://repo.maven.apache.org/maven2/org/apache/maven/maven-parent/45/maven-parent-45.pom (53 kB at 165 kB/s)
Downloading from central: https://repo.maven.apache.org/maven2/org/apache/apache/35/apache-35.pom
Progress (1): 809 B
Progress (1): 2.2 kB
Progress (1): 3.2 kB
Progress (1): 4.8 kB
Progress (1): 7.4 kB
Progress (1): 13 kB
Progress (1): 17 kB
Progress (1): 20 kB
Progress (1): 23 kB
Progress (1): 24 kB

Downloaded from central: https://repo.maven.apache.org/maven2/org/apache/apache/35/apache-35.pom (24 kB at 78 kB/s)
Downloading from central: https://repo.maven.apache.org/maven2/org/junit/junit-bom/5.13.1/junit-bom-5.13.1.pom
Progress (1): 921 B
Progress (1): 3.4 kB
Progress (1): 5.6 kB

Downloaded from central: https://repo.maven.apache.org/maven2/org/junit/junit-bom/5.13.1/junit-bom-5.13.1.pom (5.6 kB at 17 kB/s)
Downloading from central: https://repo.maven.apache.org/maven2/org/apache/maven/resolver/maven-resolver-api/1.9.24/maven-resolver-api-1.9.24.pom
Progress (1): 830 B
Progress (1): 2.2 kB

Downloaded from central: https://repo.maven.apache.org/maven2/org/apache/maven/resolver/maven-resolver-api/1.9.24/maven-resolver-api-1.9.24.pom (2.2 kB at 5.9 kB/s)
Downloading from central: https://repo.maven.apache.org/maven2/org/codehaus/plexus/plexus-utils/4.0.2/plexus-utils-4.0.2.pom
Progress (1): 965 B
Progress (1): 4.3 kB
Progress (1): 7.7 kB
Progress (1): 12 kB
Progress (1): 13 kB

Downloaded from central: https://repo.maven.apache.org/maven2/org/codehaus/plexus/plexus-utils/4.0.2/plexus-utils-4.0.2.pom (13 kB at 42 kB/s)
Downloading from central: https://repo.maven.apache.org/maven2/org/codehaus/plexus/plexus-xml/3.0.1/plexus-xml-3.0.1.pom
Progress (1): 813 B
Progress (1): 2.6 kB
Progress (1): 3.7 kB

Downloaded from central: https://repo.maven.apache.org/maven2/org/codehaus/plexus/plexus-xml/3.0.1/plexus-xml-3.0.1.pom (3.7 kB at 11 kB/s)
Downloading from central: https://repo.maven.apache.org/maven2/org/codehaus/plexus/plexus/18/plexus-18.pom
Progress (1): 816 B
Progress (1): 2.9 kB
Progress (1): 3.2 kB
Progress (1): 6.6 kB
Progress (1): 8.9 kB
Progress (1): 11 kB
Progress (1): 14 kB
Progress (1): 18 kB
Progress (1): 21 kB
Progress (1): 26 kB
Progress (1): 29 kB

Downloaded from central: https://repo.maven.apache.org/maven2/org/codehaus/plexus/plexus/18/plexus-18.pom (29 kB at 86 kB/s)
Downloading from central: https://repo.maven.apache.org/maven2/org/junit/junit-bom/5.10.2/junit-bom-5.10.2.pom
Progress (1): 921 B
Progress (1): 3.4 kB
Progress (1): 5.6 kB

Downloaded from central: https://repo.maven.apache.org/maven2/org/junit/junit-bom/5.10.2/junit-bom-5.10.2.pom (5.6 kB at 18 kB/s)
Downloading from central: https://repo.maven.apache.org/maven2/org/apache/commons/commons-exec/1.6.0/commons-exec-1.6.0.pom
Progress (1): 764 B
Progress (1): 2.3 kB
Progress (1): 4.0 kB
Progress (1): 6.6 kB
Progress (1): 9.6 kB
Progress (1): 11 kB

Downloaded from central: https://repo.maven.apache.org/maven2/org/apache/commons/commons-exec/1.6.0/commons-exec-1.6.0.pom (11 kB at 33 kB/s)
Downloading from central: https://repo.maven.apache.org/maven2/org/apache/commons/commons-parent/93/commons-parent-93.pom
Progress (1): 810 B
Progress (1): 2.1 kB
Progress (1): 3.6 kB
Progress (1): 4.1 kB
Progress (1): 5.4 kB
Progress (1): 7.7 kB
Progress (1): 10 kB
Progress (1): 12 kB
Progress (1): 14 kB
Progress (1): 16 kB
Progress (1): 19 kB
Progress (1): 22 kB
Progress (1): 24 kB
Progress (1): 27 kB
Progress (1): 30 kB
Progress (1): 33 kB
Progress (1): 39 kB
Progress (1): 42 kB
Progress (1): 45 kB
Progress (1): 47 kB
Progress (1): 50 kB
Progress (1): 53 kB
Progress (1): 56 kB
Progress (1): 58 kB
Progress (1): 61 kB
Progress (1): 64 kB
Progress (1): 69 kB
Progress (1): 71 kB
Progress (1): 73 kB
Progress (1): 76 kB
Progress (1): 79 kB

Downloaded from central: https://repo.maven.apache.org/maven2/org/apache/commons/commons-parent/93/commons-parent-93.pom (79 kB at 245 kB/s)
Downloading from central: https://repo.maven.apache.org/maven2/org/junit/junit-bom/5.14.1/junit-bom-5.14.1.pom
Progress (1): 917 B
Progress (1): 4.3 kB
Progress (1): 5.7 kB

Downloaded from central: https://repo.maven.apache.org/maven2/org/junit/junit-bom/5.14.1/junit-bom-5.14.1.pom (5.7 kB at 19 kB/s)
Downloading from central: https://repo.maven.apache.org/maven2/org/ow2/asm/asm/9.9.1/asm-9.9.1.pom
Progress (1): 1.2 kB
Progress (1): 2.4 kB

Downloaded from central: https://repo.maven.apache.org/maven2/org/ow2/asm/asm/9.9.1/asm-9.9.1.pom (2.4 kB at 7.7 kB/s)
Downloading from central: https://repo.maven.apache.org/maven2/org/ow2/asm/asm-commons/9.9.1/asm-commons-9.9.1.pom
Progress (1): 1.1 kB
Progress (1): 2.8 kB

Downloaded from central: https://repo.maven.apache.org/maven2/org/ow2/asm/asm-commons/9.9.1/asm-commons-9.9.1.pom (2.8 kB at 9.2 kB/s)
Downloading from central: https://repo.maven.apache.org/maven2/org/ow2/asm/asm-tree/9.9.1/asm-tree-9.9.1.pom
Progress (1): 1.1 kB
Progress (1): 2.6 kB

Downloaded from central: https://repo.maven.apache.org/maven2/org/ow2/asm/asm-tree/9.9.1/asm-tree-9.9.1.pom (2.6 kB at 7.9 kB/s)
Downloading from central: https://repo.maven.apache.org/maven2/org/apache/maven/resolver/maven-resolver-util/1.9.24/maven-resolver-util-1.9.24.jar
Downloading from central: https://repo.maven.apache.org/maven2/org/apache/maven/resolver/maven-resolver-api/1.9.24/maven-resolver-api-1.9.24.jar
Downloading from central: https://repo.maven.apache.org/maven2/org/codehaus/plexus/plexus-utils/4.0.2/plexus-utils-4.0.2.jar
Downloading from central: https://repo.maven.apache.org/maven2/org/codehaus/plexus/plexus-xml/3.0.1/plexus-xml-3.0.1.jar
Downloading from central: https://repo.maven.apache.org/maven2/org/apache/commons/commons-exec/1.6.0/commons-exec-1.6.0.jar
Progress (1): 0.9/94 kB
Progress (1): 2.3/94 kB
Progress (1): 3.6/94 kB
Progress (1): 5.0/94 kB
Progress (1): 6.4/94 kB
Progress (2): 6.4/94 kB | 4.0/193 kB
Progress (2): 7.7/94 kB | 4.0/193 kB
Progress (2): 9.1/94 kB | 4.0/193 kB
Progress (2): 9.1/94 kB | 20/193 kB
Progress (2): 10/94 kB | 20/193 kB
Progress (2): 12/94 kB | 20/193 kB
Progress (2): 13/94 kB | 20/193 kB
Progress (2): 15/94 kB | 20/193 kB
Progress (2): 16/94 kB | 20/193 kB
Progress (2): 17/94 kB | 20/193 kB
Progress (2): 19/94 kB | 20/193 kB
Progress (2): 20/94 kB | 20/193 kB
Progress (2): 20/94 kB | 20/193 kB
Progress (2): 22/94 kB | 20/193 kB
Progress (2): 23/94 kB | 20/193 kB
Progress (2): 24/94 kB | 20/193 kB
Progress (2): 26/94 kB | 20/193 kB
Progress (2): 27/94 kB | 20/193 kB
Progress (2): 29/94 kB | 20/193 kB
Progress (2): 30/94 kB | 20/193 kB
Progress (2): 31/94 kB | 20/193 kB
Progress (2): 33/94 kB | 20/193 kB
Progress (2): 34/94 kB | 20/193 kB
Progress (2): 35/94 kB | 20/193 kB
Progress (2): 37/94 kB | 20/193 kB
Progress (2): 38/94 kB | 20/193 kB
Progress (2): 40/94 kB | 20/193 kB
Progress (2): 41/94 kB | 20/193 kB
Progress (2): 42/94 kB | 20/193 kB
Progress (2): 44/94 kB | 20/193 kB
Progress (2): 45/94 kB | 20/193 kB
Progress (2): 46/94 kB | 20/193 kB
Progress (2): 48/94 kB | 20/193 kB
Progress (2): 49/94 kB | 20/193 kB
Progress (2): 49/94 kB | 37/193 kB
Progress (2): 50/94 kB | 37/193 kB
Progress (2): 55/94 kB | 37/193 kB
Progress (2): 55/94 kB | 53/193 kB
Progress (2): 55/94 kB | 69/193 kB
Progress (2): 55/94 kB | 86/193 kB
Progress (2): 55/94 kB | 102/193 kB
Progress (2): 55/94 kB | 119/193 kB
Progress (2): 59/94 kB | 119/193 kB
Progress (2): 63/94 kB | 119/193 kB
Progress (2): 67/94 kB | 119/193 kB
Progress (2): 72/94 kB | 119/193 kB
Progress (2): 72/94 kB | 135/193 kB
Progress (2): 76/94 kB | 135/193 kB
Progress (2): 80/94 kB | 135/193 kB
Progress (2): 84/94 kB | 135/193 kB
Progress (2): 89/94 kB | 135/193 kB
Progress (2): 93/94 kB | 135/193 kB
Progress (2): 93/94 kB | 151/193 kB
Progress (2): 94 kB | 151/193 kB
Progress (2): 94 kB | 168/193 kB

Downloaded from central: https://repo.maven.apache.org/maven2/org/codehaus/plexus/plexus-xml/3.0.1/plexus-xml-3.0.1.jar (94 kB at 174 kB/s)
Downloading from central: https://repo.maven.apache.org/maven2/org/ow2/asm/asm/9.9.1/asm-9.9.1.jar
Progress (1): 184/193 kB
Progress (1): 193 kB

Downloaded from central: https://repo.maven.apache.org/maven2/org/codehaus/plexus/plexus-utils/4.0.2/plexus-utils-4.0.2.jar (193 kB at 317 kB/s)
Downloading from central: https://repo.maven.apache.org/maven2/org/ow2/asm/asm-commons/9.9.1/asm-commons-9.9.1.jar
Progress (1): 0.9/196 kB
Progress (1): 2.3/196 kB
Progress (1): 3.6/196 kB
Progress (1): 4.0/196 kB
Progress (1): 5.3/196 kB
Progress (1): 6.7/196 kB
Progress (1): 8.1/196 kB
Progress (1): 9.5/196 kB
Progress (1): 11/196 kB
Progress (1): 12/196 kB
Progress (1): 14/196 kB
Progress (1): 15/196 kB
Progress (1): 16/196 kB
Progress (1): 18/196 kB
Progress (1): 19/196 kB
Progress (1): 20/196 kB
Progress (1): 22/196 kB
Progress (1): 23/196 kB
Progress (1): 25/196 kB
Progress (1): 26/196 kB
Progress (1): 27/196 kB
Progress (1): 29/196 kB
Progress (1): 30/196 kB
Progress (1): 31/196 kB
Progress (1): 33/196 kB
Progress (1): 34/196 kB
Progress (1): 35/196 kB
Progress (1): 37/196 kB
Progress (1): 38/196 kB
Progress (1): 40/196 kB
Progress (1): 41/196 kB
Progress (1): 42/196 kB
Progress (1): 44/196 kB
Progress (1): 45/196 kB
Progress (1): 46/196 kB
Progress (1): 48/196 kB
Progress (1): 49/196 kB
Progress (1): 51/196 kB
Progress (1): 52/196 kB
Progress (1): 53/196 kB
Progress (1): 54/196 kB
Progress (1): 59/196 kB
Progress (1): 63/196 kB
Progress (2): 63/196 kB | 0.9/157 kB
Progress (3): 63/196 kB | 0.9/157 kB | 0.9/69 kB
Progress (3): 63/196 kB | 2.3/157 kB | 0.9/69 kB
Progress (3): 63/196 kB | 2.3/157 kB | 2.3/69 kB
Progress (3): 63/196 kB | 3.6/157 kB | 2.3/69 kB
Progress (3): 63/196 kB | 3.6/157 kB | 3.6/69 kB
Progress (3): 63/196 kB | 5.0/157 kB | 3.6/69 kB
Progress (3): 63/196 kB | 5.0/157 kB | 5.0/69 kB
Progress (3): 63/196 kB | 6.4/157 kB | 5.0/69 kB
Progress (3): 63/196 kB | 6.4/157 kB | 6.4/69 kB
Progress (3): 63/196 kB | 7.7/157 kB | 6.4/69 kB
Progress (3): 63/196 kB | 7.7/157 kB | 7.7/69 kB
Progress (3): 63/196 kB | 9.1/157 kB | 7.7/69 kB
Progress (3): 63/196 kB | 9.1/157 kB | 8.2/69 kB
Progress (3): 63/196 kB | 10/157 kB | 8.2/69 kB
Progress (3): 63/196 kB | 10/157 kB | 9.6/69 kB
Progress (3): 63/196 kB | 12/157 kB | 9.6/69 kB
Progress (3): 63/196 kB | 12/157 kB | 11/69 kB
Progress (3): 63/196 kB | 13/157 kB | 11/69 kB
Progress (3): 63/196 kB | 13/157 kB | 12/69 kB
Progress (3): 63/196 kB | 15/157 kB | 12/69 kB
Progress (3): 63/196 kB | 15/157 kB | 14/69 kB
Progress (3): 63/196 kB | 16/157 kB | 14/69 kB
Progress (3): 63/196 kB | 16/157 kB | 15/69 kB
Progress (3): 63/196 kB | 17/157 kB | 15/69 kB
Progress (3): 63/196 kB | 17/157 kB | 16/69 kB
Progress (3): 63/196 kB | 19/157 kB | 16/69 kB
Progress (3): 63/196 kB | 19/157 kB | 18/69 kB
Progress (3): 63/196 kB | 20/157 kB | 18/69 kB
Progress (3): 63/196 kB | 20/157 kB | 19/69 kB
Progress (3): 63/196 kB | 21/157 kB | 19/69 kB
Progress (3): 63/196 kB | 21/157 kB | 21/69 kB
Progress (3): 63/196 kB | 21/157 kB | 22/69 kB
Progress (3): 63/196 kB | 23/157 kB | 22/69 kB
Progress (3): 63/196 kB | 23/157 kB | 23/69 kB
Progress (3): 63/196 kB | 24/157 kB | 23/69 kB
Progress (3): 63/196 kB | 24/157 kB | 25/69 kB
Progress (3): 63/196 kB | 26/157 kB | 25/69 kB
Progress (3): 63/196 kB | 26/157 kB | 26/69 kB
Progress (3): 63/196 kB | 27/157 kB | 26/69 kB
Progress (3): 63/196 kB | 28/157 kB | 26/69 kB
Progress (3): 63/196 kB | 28/157 kB | 27/69 kB
Progress (3): 63/196 kB | 30/157 kB | 27/69 kB
Progress (3): 63/196 kB | 31/157 kB | 27/69 kB
Progress (3): 63/196 kB | 31/157 kB | 29/69 kB
Progress (3): 63/196 kB | 31/157 kB | 30/69 kB
Progress (3): 63/196 kB | 32/157 kB | 30/69 kB
Progress (3): 63/196 kB | 32/157 kB | 31/69 kB
Progress (3): 63/196 kB | 34/157 kB | 31/69 kB
Progress (3): 63/196 kB | 34/157 kB | 33/69 kB
Progress (3): 63/196 kB | 35/157 kB | 33/69 kB
Progress (3): 63/196 kB | 35/157 kB | 34/69 kB
Progress (3): 63/196 kB | 36/157 kB | 34/69 kB
Progress (3): 63/196 kB | 36/157 kB | 36/69 kB
Progress (3): 63/196 kB | 38/157 kB | 36/69 kB
Progress (3): 63/196 kB | 38/157 kB | 37/69 kB
Progress (3): 63/196 kB | 39/157 kB | 37/69 kB
Progress (3): 63/196 kB | 41/157 kB | 37/69 kB
Progress (3): 63/196 kB | 41/157 kB | 38/69 kB
Progress (3): 63/196 kB | 42/157 kB | 38/69 kB
Progress (3): 63/196 kB | 42/157 kB | 40/69 kB
Progress (3): 63/196 kB | 43/157 kB | 40/69 kB
Progress (3): 63/196 kB | 43/157 kB | 41/69 kB
Progress (3): 63/196 kB | 45/157 kB | 41/69 kB
Progress (3): 63/196 kB | 45/157 kB | 42/69 kB
Progress (3): 63/196 kB | 46/157 kB | 42/69 kB
Progress (3): 63/196 kB | 46/157 kB | 44/69 kB
Progress (3): 63/196 kB | 47/157 kB | 44/69 kB
Progress (3): 63/196 kB | 47/157 kB | 45/69 kB
Progress (3): 63/196 kB | 47/157 kB | 47/69 kB
Progress (3): 63/196 kB | 49/157 kB | 47/69 kB
Progress (3): 63/196 kB | 49/157 kB | 48/69 kB
Progress (3): 63/196 kB | 50/157 kB | 48/69 kB
Progress (3): 63/196 kB | 50/157 kB | 49/69 kB
Progress (3): 63/196 kB | 52/157 kB | 49/69 kB
Progress (3): 63/196 kB | 52/157 kB | 51/69 kB
Progress (3): 63/196 kB | 53/157 kB | 51/69 kB
Progress (3): 63/196 kB | 53/157 kB | 52/69 kB
Progress (3): 63/196 kB | 54/157 kB | 52/69 kB
Progress (3): 63/196 kB | 56/157 kB | 52/69 kB
Progress (3): 63/196 kB | 60/157 kB | 52/69 kB
Progress (3): 63/196 kB | 60/157 kB | 53/69 kB
Progress (3): 63/196 kB | 60/157 kB | 55/69 kB
Progress (3): 63/196 kB | 60/157 kB | 59/69 kB
Progress (3): 63/196 kB | 60/157 kB | 63/69 kB
Progress (4): 63/196 kB | 60/157 kB | 63/69 kB | 3.8/126 kB
Progress (4): 63/196 kB | 60/157 kB | 63/69 kB | 8.0/126 kB
Progress (4): 63/196 kB | 60/157 kB | 63/69 kB | 12/126 kB
Progress (4): 63/196 kB | 60/157 kB | 63/69 kB | 16/126 kB
Progress (4): 63/196 kB | 60/157 kB | 63/69 kB | 21/126 kB
Progress (4): 63/196 kB | 60/157 kB | 63/69 kB | 25/126 kB
Progress (4): 63/196 kB | 60/157 kB | 63/69 kB | 29/126 kB
Progress (4): 63/196 kB | 60/157 kB | 63/69 kB | 33/126 kB
Progress (4): 63/196 kB | 60/157 kB | 63/69 kB | 38/126 kB
Progress (4): 63/196 kB | 60/157 kB | 63/69 kB | 42/126 kB
Progress (4): 63/196 kB | 60/157 kB | 63/69 kB | 46/126 kB
Progress (4): 63/196 kB | 60/157 kB | 63/69 kB | 50/126 kB
Progress (4): 63/196 kB | 60/157 kB | 63/69 kB | 55/126 kB
Progress (4): 63/196 kB | 60/157 kB | 63/69 kB | 57/126 kB
Progress (4): 63/196 kB | 60/157 kB | 63/69 kB | 62/126 kB
Progress (4): 63/196 kB | 60/157 kB | 63/69 kB | 66/126 kB
Progress (4): 63/196 kB | 60/157 kB | 63/69 kB | 70/126 kB
Progress (4): 63/196 kB | 60/157 kB | 63/69 kB | 74/126 kB
Progress (4): 63/196 kB | 60/157 kB | 63/69 kB | 78/126 kB
Progress (5): 63/196 kB | 60/157 kB | 63/69 kB | 78/126 kB | 4.0/75 kB
Progress (5): 63/196 kB | 60/157 kB | 63/69 kB | 78/126 kB | 20/75 kB
Progress (5): 63/196 kB | 60/157 kB | 63/69 kB | 78/126 kB | 37/75 kB
Progress (5): 63/196 kB | 60/157 kB | 63/69 kB | 83/126 kB | 37/75 kB
Progress (5): 63/196 kB | 60/157 kB | 63/69 kB | 87/126 kB | 37/75 kB
Progress (5): 63/196 kB | 60/157 kB | 63/69 kB | 87/126 kB | 53/75 kB
Progress (5): 67/196 kB | 60/157 kB | 63/69 kB | 87/126 kB | 53/75 kB
Progress (5): 71/196 kB | 60/157 kB | 63/69 kB | 87/126 kB | 53/75 kB
Progress (5): 71/196 kB | 60/157 kB | 63/69 kB | 91/126 kB | 53/75 kB
Progress (5): 71/196 kB | 60/157 kB | 63/69 kB | 95/126 kB | 53/75 kB
Progress (5): 76/196 kB | 60/157 kB | 63/69 kB | 95/126 kB | 53/75 kB
Progress (5): 76/196 kB | 60/157 kB | 63/69 kB | 95/126 kB | 70/75 kB
Progress (5): 80/196 kB | 60/157 kB | 63/69 kB | 95/126 kB | 70/75 kB
Progress (5): 84/196 kB | 60/157 kB | 63/69 kB | 95/126 kB | 70/75 kB
Progress (5): 84/196 kB | 60/157 kB | 63/69 kB | 95/126 kB | 75 kB
Progress (5): 84/196 kB | 60/157 kB | 63/69 kB | 100/126 kB | 75 kB
Progress (5): 88/196 kB | 60/157 kB | 63/69 kB | 100/126 kB | 75 kB

Downloaded from central: https://repo.maven.apache.org/maven2/org/ow2/asm/asm-commons/9.9.1/asm-commons-9.9.1.jar (75 kB at 79 kB/s)
Downloading from central: https://repo.maven.apache.org/maven2/org/ow2/asm/asm-tree/9.9.1/asm-tree-9.9.1.jar
Progress (4): 88/196 kB | 60/157 kB | 63/69 kB | 104/126 kB
Progress (4): 93/196 kB | 60/157 kB | 63/69 kB | 104/126 kB
Progress (4): 93/196 kB | 64/157 kB | 63/69 kB | 104/126 kB
Progress (4): 97/196 kB | 64/157 kB | 63/69 kB | 104/126 kB
Progress (4): 97/196 kB | 64/157 kB | 63/69 kB | 108/126 kB
Progress (4): 101/196 kB | 64/157 kB | 63/69 kB | 108/126 kB
Progress (4): 101/196 kB | 64/157 kB | 63/69 kB | 112/126 kB
Progress (4): 101/196 kB | 64/157 kB | 67/69 kB | 112/126 kB
Progress (4): 101/196 kB | 68/157 kB | 67/69 kB | 112/126 kB
Progress (4): 101/196 kB | 68/157 kB | 67/69 kB | 117/126 kB
Progress (4): 105/196 kB | 68/157 kB | 67/69 kB | 117/126 kB
Progress (4): 105/196 kB | 73/157 kB | 67/69 kB | 117/126 kB
Progress (4): 105/196 kB | 73/157 kB | 67/69 kB | 121/126 kB
Progress (4): 109/196 kB | 73/157 kB | 67/69 kB | 121/126 kB
Progress (4): 109/196 kB | 77/157 kB | 67/69 kB | 121/126 kB
Progress (4): 109/196 kB | 77/157 kB | 69 kB | 121/126 kB
Progress (4): 109/196 kB | 81/157 kB | 69 kB | 121/126 kB
Progress (4): 114/196 kB | 81/157 kB | 69 kB | 121/126 kB
Progress (4): 114/196 kB | 85/157 kB | 69 kB | 121/126 kB
Progress (4): 118/196 kB | 85/157 kB | 69 kB | 121/126 kB
Progress (4): 122/196 kB | 85/157 kB | 69 kB | 121/126 kB
Progress (4): 122/196 kB | 89/157 kB | 69 kB | 121/126 kB
Progress (4): 122/196 kB | 89/157 kB | 69 kB | 126 kB
Progress (4): 122/196 kB | 94/157 kB | 69 kB | 126 kB
Progress (4): 126/196 kB | 94/157 kB | 69 kB | 126 kB
Progress (4): 126/196 kB | 98/157 kB | 69 kB | 126 kB
Progress (4): 126/196 kB | 102/157 kB | 69 kB | 126 kB
Progress (4): 126/196 kB | 106/157 kB | 69 kB | 126 kB
Progress (4): 126/196 kB | 111/157 kB | 69 kB | 126 kB
Progress (4): 126/196 kB | 115/157 kB | 69 kB | 126 kB
Progress (4): 126/196 kB | 119/157 kB | 69 kB | 126 kB
Progress (4): 126/196 kB | 123/157 kB | 69 kB | 126 kB
Progress (4): 126/196 kB | 128/157 kB | 69 kB | 126 kB
Progress (4): 126/196 kB | 131/157 kB | 69 kB | 126 kB
Progress (4): 126/196 kB | 135/157 kB | 69 kB | 126 kB
Progress (4): 126/196 kB | 139/157 kB | 69 kB | 126 kB
Progress (4): 126/196 kB | 143/157 kB | 69 kB | 126 kB
Progress (4): 126/196 kB | 147/157 kB | 69 kB | 126 kB
Progress (4): 126/196 kB | 152/157 kB | 69 kB | 126 kB
Progress (4): 126/196 kB | 156/157 kB | 69 kB | 126 kB
Progress (4): 126/196 kB | 157 kB | 69 kB | 126 kB

Downloaded from central: https://repo.maven.apache.org/maven2/org/apache/commons/commons-exec/1.6.0/commons-exec-1.6.0.jar (69 kB at 69 kB/s)
Downloaded from central: https://repo.maven.apache.org/maven2/org/ow2/asm/asm/9.9.1/asm-9.9.1.jar (126 kB at 126 kB/s)
Downloaded from central: https://repo.maven.apache.org/maven2/org/apache/maven/resolver/maven-resolver-api/1.9.24/maven-resolver-api-1.9.24.jar (157 kB at 154 kB/s)
Progress (1): 131/196 kB
Progress (1): 135/196 kB
Progress (1): 139/196 kB
Progress (1): 143/196 kB
Progress (1): 148/196 kB
Progress (1): 152/196 kB
Progress (1): 156/196 kB
Progress (1): 160/196 kB
Progress (1): 164/196 kB
Progress (1): 169/196 kB
Progress (1): 173/196 kB
Progress (1): 177/196 kB
Progress (1): 181/196 kB
Progress (1): 184/196 kB
Progress (1): 188/196 kB
Progress (1): 193/196 kB
Progress (1): 196 kB

Downloaded from central: https://repo.maven.apache.org/maven2/org/apache/maven/resolver/maven-resolver-util/1.9.24/maven-resolver-util-1.9.24.jar (196 kB at 166 kB/s)
Progress (1): 7.7/52 kB
Progress (1): 16/52 kB
Progress (1): 32/52 kB
Progress (1): 49/52 kB
Progress (1): 52 kB

Downloaded from central: https://repo.maven.apache.org/maven2/org/ow2/asm/asm-tree/9.9.1/asm-tree-9.9.1.jar (52 kB at 41 kB/s)
[INFO] ------------------------------------------------------------------------
[INFO] BUILD FAILURE
[INFO] ------------------------------------------------------------------------
[INFO] Total time:  16.473 s
[INFO] Finished at: 2025-12-25T01:57:24Z
[INFO] ------------------------------------------------------------------------
[ERROR] Failed to execute goal org.codehaus.mojo:exec-maven-plugin:3.6.3:java (default-cli) on project calculator: The parameters 'mainClass' for goal org.codehaus.mojo:exec-maven-plugin:3.6.3:java are missing or invalid -> [Help 1]
[ERROR]
[ERROR] To see the full stack trace of the errors, re-run Maven with the -e switch.
[ERROR] Re-run Maven using the -X switch to enable full debug logging.
[ERROR]
[ERROR] For more information about the errors and possible solutions, please read the following articles:
[ERROR] [Help 1] http://cwiki.apache.org/confluence/display/MAVEN/PluginParameterException